2026-06-28 13:22:22,125 - INFO - Using device: cpu
2026-06-28 13:22:22,125 - INFO - Creating DDQN model...
2026-06-28 13:22:22,128 - INFO - Loading training data...
2026-06-28 13:22:22,128 - INFO - Creating dummy dataset with 1000 samples...
2026-06-28 13:22:22,131 - INFO - Creating dummy dataset with 200 samples...
2026-06-28 13:22:22,131 - INFO - Starting training for 100 epochs...
2026-06-28 13:22:22,205 - INFO - Epoch 1/100 - Train Loss: 1.006088, Val Loss: 1.014857
2026-06-28 13:22:22,207 - INFO - Best model updated: mlops\models\v1\model.pth
2026-06-28 13:22:22,270 - INFO - Epoch 2/100 - Train Loss: 0.994685, Val Loss: 1.022119
2026-06-28 13:22:22,332 - INFO - Epoch 3/100 - Train Loss: 0.990922, Val Loss: 1.012399
2026-06-28 13:22:22,400 - INFO - Best model updated: mlops\models\v1\model.pth
2026-06-28 13:22:22,469 - INFO - Epoch 4/100 - Train Loss: 0.991196, Val Loss: 1.014497
2026-06-28 13:22:22,543 - INFO - Epoch 5/100 - Train Loss: 0.987230, Val Loss: 1.023638
2026-06-28 13:22:22,543 - INFO - Saved checkpoint to mlops\models\v1\checkpoint_epoch_5.pth
2026-06-28 13:22:22,618 - INFO - Epoch 6/100 - Train Loss: 0.984901, Val Loss: 1.027045
2026-06-28 13:22:22,674 - INFO - Epoch 7/100 - Train Loss: 0.980087, Val Loss: 1.021927
2026-06-28 13:22:22,751 - INFO - Epoch 8/100 - Train Loss: 0.975984, Val Loss: 1.027507
2026-06-28 13:22:22,821 - INFO - Epoch 9/100 - Train Loss: 0.973270, Val Loss: 1.032911
2026-06-28 13:22:22,887 - INFO - Epoch 10/100 - Train Loss: 0.969317, Val Loss: 1.027779
2026-06-28 13:22:22,887 - INFO - Saved checkpoint to mlops\models\v1\checkpoint_epoch_10.pth
2026-06-28 13:22:22,942 - INFO - Epoch 11/100 - Train Loss: 0.966607, Val Loss: 1.021213
2026-06-28 13:22:23,007 - INFO - Epoch 12/100 - Train Loss: 0.965539, Val Loss: 1.036033
2026-06-28 13:22:23,070 - INFO - Epoch 13/100 - Train Loss: 0.961662, Val Loss: 1.035226
2026-06-28 13:22:23,136 - INFO - Epoch 14/100 - Train Loss: 0.958759, Val Loss: 1.026283
2026-06-28 13:22:23,211 - INFO - Epoch 15/100 - Train Loss: 0.952693, Val Loss: 1.039213
2026-06-28 13:22:23,211 - INFO - Saved checkpoint to mlops\models\v1\checkpoint_epoch_15.pth
2026-06-28 13:22:23,277 - INFO - Epoch 16/100 - Train Loss: 0.953646, Val Loss: 1.040965
2026-06-28 13:22:23,336 - INFO - Epoch 17/100 - Train Loss: 0.949478, Val Loss: 1.040266
2026-06-28 13:22:23,394 - INFO - Epoch 18/100 - Train Loss: 0.948380, Val Loss: 1.048274
2026-06-28 13:22:23,394 - INFO - Early stopping at epoch 18
2026-06-28 13:22:23,394 - INFO - Saving final model and metadata...
2026-06-28 13:22:23,469 - INFO - Training completed! Model saved to mlops\models\v1
